
> pictorigo@1.0.0 build
> tsc && vite build

src/components/image-viewer/useImageViewerRenderer.ts(40,5): error TS2339: Property 'hoveredWorldPointId' does not exist on type 'ImageViewerRenderState'.
src/components/image-viewer/useImageViewerRenderer.ts(41,5): error TS2339: Property 'hoveredPointId' does not exist on type 'ImageViewerRenderState'.
src/components/image-viewer/useImageViewerRenderer.ts(42,5): error TS2339: Property 'hoveredLineId' does not exist on type 'ImageViewerRenderState'.
src/components/image-viewer/useImageViewerRenderer.ts(44,5): error TS2339: Property 'draggedPointId' does not exist on type 'ImageViewerRenderState'.
src/components/image-viewer/useImageViewerRenderer.ts(396,51): error TS2345: Argument of type 'LineData' is not assignable to parameter of type 'Line'.
  Type 'LineData' is missing the following properties from type 'Line': lastResiduals, selected, referencingConstraints, lineStyle, and 31 more.
src/components/image-viewer/useImageViewerRenderer.ts(430,18): error TS2339: Property 'direction' does not exist on type 'LineData'.
src/components/image-viewer/useImageViewerRenderer.ts(430,36): error TS2339: Property 'direction' does not exist on type 'LineData'.
src/components/image-viewer/useImageViewerRenderer.ts(431,24): error TS2339: Property 'direction' does not exist on type 'LineData'.
src/components/image-viewer/useImageViewerRenderer.ts(439,34): error TS2339: Property 'targetLength' does not exist on type 'LineData'.
src/components/image-viewer/useImageViewerRenderer.ts(441,54): error TS2339: Property 'targetLength' does not exist on type 'LineData'.
src/components/image-viewer/useImageViewerRenderer.ts(442,36): error TS2339: Property 'targetLength' does not exist on type 'LineData'.
src/components/ImageNavigationToolbar.tsx(107,30): error TS2345: Argument of type 'IWorldPoint' is not assignable to parameter of type 'WorldPoint'.
  Type 'IWorldPoint' is missing the following properties from type 'WorldPoint': selected, connectedLines, referencingConstraints, imagePoints, and 31 more.
src/components/ImageNavigationToolbar.tsx(498,41): error TS2339: Property 'color' does not exist on type 'IWorldPoint'.
src/components/ImageNavigationToolbar.tsx(512,59): error TS2345: Argument of type 'IWorldPoint' is not assignable to parameter of type 'WorldPoint'.
  Type 'IWorldPoint' is missing the following properties from type 'WorldPoint': selected, connectedLines, referencingConstraints, imagePoints, and 31 more.
src/components/ImageNavigationToolbar.tsx(516,41): error TS2345: Argument of type 'IWorldPoint' is not assignable to parameter of type 'WorldPoint'.
  Type 'IWorldPoint' is missing the following properties from type 'WorldPoint': selected, connectedLines, referencingConstraints, imagePoints, and 31 more.
src/components/ImagePointsManager.tsx(41,34): error TS2740: Type 'IWorldPoint' is missing the following properties from type 'WorldPoint': selected, connectedLines, referencingConstraints, imagePoints, and 31 more.
src/components/main-layout/MainToolbar.tsx(155,9): error TS2322: Type '(type: string, selectedPoints: string[], selectedLines: any[]) => void' is not assignable to type '(type: string, selectedPoints: WorldPoint[], selectedLines: Line[]) => void'.
  Types of parameters 'selectedPoints' and 'selectedPoints' are incompatible.
    Type 'WorldPoint[]' is not assignable to type 'string[]'.
      Type 'WorldPoint' is not assignable to type 'string'.
src/components/MainLayout.tsx(304,11): error TS2322: Type 'undefined' is not assignable to type 'string'.
src/components/MainLayout.tsx(389,51): error TS2554: Expected 3 arguments, but got 4.
src/components/MainLayout.tsx(584,7): error TS2740: Type 'WorldPoint[]' is missing the following properties from type 'Map<string, WorldPoint>': clear, delete, get, has, and 3 more.
src/components/MainLayout.tsx(586,7): error TS2740: Type 'Line[]' is missing the following properties from type 'Map<string, Line>': clear, delete, get, has, and 3 more.
src/components/MainLayout.tsx(643,9): error TS2322: Type '(planeId: string, ctrlKey: boolean, shiftKey: boolean) => void' is not assignable to type '(plane: Plane, ctrlKey: boolean, shiftKey: boolean) => void'.
  Types of parameters 'planeId' and 'plane' are incompatible.
    Type 'Plane' is not assignable to type 'string'.
src/components/MainLayout.tsx(687,7): error TS2322: Type '{ currentWorkspace: "image" | "world" | "split"; imageWorkspace: { currentViewpoint: Viewpoint | null; scale: number; pan: { x: number; y: number; }; showImagePoints: boolean; showProjections: boolean; }; worldWorkspace: { ...; }; splitWorkspace: { ...; }; }' is not assignable to type 'WorkspaceState'.
  Types of property 'imageWorkspace' are incompatible.
    Property 'currentImageId' is missing in type '{ currentViewpoint: Viewpoint | null; scale: number; pan: { x: number; y: number; }; showImagePoints: boolean; showProjections: boolean; }' but required in type '{ currentImageId: string | null; scale: number; pan: { x: number; y: number; }; showImagePoints: boolean; showProjections: boolean; }'.
src/components/MainLayout.tsx(792,17): error TS2740: Type 'Line[]' is missing the following properties from type 'Map<string, Line>': clear, delete, get, has, and 3 more.
src/components/MainLayout.tsx(866,17): error TS2740: Type 'WorldPoint[]' is missing the following properties from type 'Map<string, WorldPoint>': clear, delete, get, has, and 3 more.
src/components/MainLayout.tsx(867,17): error TS2740: Type 'Viewpoint[]' is missing the following properties from type 'Map<string, Viewpoint>': clear, delete, get, has, and 3 more.
src/components/MainLayout.tsx(1009,7): error TS2740: Type 'Line[]' is missing the following properties from type 'Map<string, Line>': clear, delete, get, has, and 3 more.
src/components/MainLayout.tsx(1061,7): error TS2740: Type 'WorldPoint[]' is missing the following properties from type 'Map<string, WorldPoint>': clear, delete, get, has, and 3 more.
src/components/MainLayout.tsx(1062,7): error TS2740: Type 'Viewpoint[]' is missing the following properties from type 'Map<string, Viewpoint>': clear, delete, get, has, and 3 more.
src/components/MainLayout.tsx(1129,9): error TS2740: Type 'Viewpoint[]' is missing the following properties from type 'Map<string, Viewpoint>': clear, delete, get, has, and 3 more.
src/components/OptimizationPanel.tsx(82,9): error TS2345: Argument of type 'Set<Constraint>' is not assignable to parameter of type 'Constraint[]'.
  Type 'Set<Constraint>' is missing the following properties from type 'Constraint[]': length, pop, push, concat, and 23 more.
src/components/OptimizationPanel.tsx(236,58): error TS2339: Property 'isOptimized' does not exist on type '{ lockedXyz: [number | null, number | null, number | null]; residuals: number[]; totalResidual: number; rmsResidual: number; optimizedXyz: [number, number, number] | undefined; }'.
src/components/PlanesManager.tsx(33,55): error TS2339: Property 'id' does not exist on type 'WorldPoint'.
src/components/PlanesManager.tsx(112,22): error TS18048: 'plane' is possibly 'undefined'.
src/components/tools/CreationToolsManager.tsx(9,16): error TS2305: Module '"../../entities/line"' has no exported member 'LineConstraintSettings'.
src/components/tools/CreationToolsManager.tsx(348,65): error TS2339: Property 'id' does not exist on type 'Line'.
src/components/tools/CreationToolsManager.tsx(349,74): error TS2339: Property 'id' does not exist on type 'WorldPoint'.
src/components/tools/CreationToolsManager.tsx(349,128): error TS2339: Property 'id' does not exist on type 'WorldPoint'.
src/components/tools/LineCreationTool.tsx(46,25): error TS2305: Module '"../../entities/line"' has no exported member 'LineConstraintSettings'.
src/components/tools/LineCreationTool.tsx(110,24): error TS2339: Property 'constraints' does not exist on type 'Line'.
src/components/tools/LineCreationTool.tsx(111,46): error TS2339: Property 'constraints' does not exist on type 'Line'.
src/components/tools/LineCreationTool.tsx(114,26): error TS2339: Property 'constraints' does not exist on type 'Line'.
src/components/tools/LineCreationTool.tsx(115,39): error TS2339: Property 'constraints' does not exist on type 'Line'.
src/components/tools/LineCreationTool.tsx(248,28): error TS2339: Property 'id' does not exist on type 'WorldPoint'.
src/components/tools/LineCreationTool.tsx(249,28): error TS2339: Property 'id' does not exist on type 'WorldPoint'.
src/components/tools/LineCreationTool.tsx(256,28): error TS2339: Property 'id' does not exist on type 'WorldPoint'.
src/components/tools/LineCreationTool.tsx(466,38): error TS2339: Property 'id' does not exist on type 'WorldPoint'.
src/components/tools/LineCreationTool.tsx(497,38): error TS2339: Property 'id' does not exist on type 'WorldPoint'.
src/components/WorldPointPanel.tsx(149,7): error TS2353: Object literal may only specify known properties, and 'lockedXyz' does not exist in type 'SetStateAction<{ isOpen: boolean; position: { x: number; y: number; }; worldPoint: WorldPoint | null; }>'.
src/entities/constraints/__tests__/polymorphic-constraints.test.ts(21,3): error TS2353: Object literal may only specify known properties, and 'getPoint' does not exist in type 'ConstraintRepository'.
src/entities/constraints/__tests__/polymorphic-constraints.test.ts(21,81): error TS2554: Expected 1-2 arguments, but got 3.
src/entities/constraints/__tests__/polymorphic-constraints.test.ts(23,55): error TS2554: Expected 1-2 arguments, but got 3.
src/entities/constraints/__tests__/polymorphic-constraints.test.ts(24,55): error TS2554: Expected 1-2 arguments, but got 3.
src/entities/constraints/__tests__/polymorphic-constraints.test.ts(25,32): error TS2345: Argument of type 'string' is not assignable to parameter of type 'WorldPoint'.
src/entities/constraints/angle-constraint.ts(3,44): error TS2307: Cannot find module '../../types/ids' or its corresponding type declarations.
src/entities/constraints/angle-constraint.ts(62,25): error TS2339: Property 'id' does not exist on type 'WorldPoint'.
src/entities/constraints/angle-constraint.ts(62,47): error TS2339: Property 'id' does not exist on type 'WorldPoint'.
src/entities/constraints/angle-constraint.ts(62,69): error TS2339: Property 'id' does not exist on type 'WorldPoint'.
src/entities/constraints/base-constraint.ts(3,71): error TS2307: Cannot find module '../../types/ids' or its corresponding type declarations.
src/entities/constraints/base-constraint.ts(586,28): error TS2339: Property 'getDefinedCoordinates' does not exist on type 'WorldPoint'.
src/entities/constraints/base-constraint.ts(587,28): error TS2339: Property 'getDefinedCoordinates' does not exist on type 'WorldPoint'.
src/entities/constraints/base-constraint.ts(588,28): error TS2339: Property 'getDefinedCoordinates' does not exist on type 'WorldPoint'.
src/entities/constraints/collinear-points-constraint.ts(3,44): error TS2307: Cannot find module '../../types/ids' or its corresponding type declarations.
src/entities/constraints/collinear-points-constraint.ts(60,35): error TS2339: Property 'id' does not exist on type 'WorldPoint'.
src/entities/constraints/collinear-points-constraint.ts(105,42): error TS2339: Property 'getDefinedCoordinates' does not exist on type 'WorldPoint'.
src/entities/constraints/collinear-points-constraint.ts(220,27): error TS2339: Property 'id' does not exist on type 'WorldPoint'.
src/entities/constraints/collinear-points-constraint.ts(229,27): error TS2339: Property 'id' does not exist on type 'WorldPoint'.
src/entities/constraints/coplanar-points-constraint.ts(3,44): error TS2307: Cannot find module '../../types/ids' or its corresponding type declarations.
src/entities/constraints/coplanar-points-constraint.ts(60,35): error TS2339: Property 'id' does not exist on type 'WorldPoint'.
src/entities/constraints/coplanar-points-constraint.ts(105,42): error TS2339: Property 'getDefinedCoordinates' does not exist on type 'WorldPoint'.
src/entities/constraints/coplanar-points-constraint.ts(233,27): error TS2339: Property 'id' does not exist on type 'WorldPoint'.
src/entities/constraints/coplanar-points-constraint.ts(242,27): error TS2339: Property 'id' does not exist on type 'WorldPoint'.
src/entities/constraints/distance-constraint.ts(3,44): error TS2307: Cannot find module '../../types/ids' or its corresponding type declarations.
src/entities/constraints/distance-constraint.ts(61,25): error TS2339: Property 'id' does not exist on type 'WorldPoint'.
src/entities/constraints/distance-constraint.ts(61,47): error TS2339: Property 'id' does not exist on type 'WorldPoint'.
src/entities/constraints/dtos/BaseConstraintDto.ts(3,35): error TS2307: Cannot find module '../../../types/ids' or its corresponding type declarations.
src/entities/constraints/dtos/ConstraintDto.ts(3,47): error TS2307: Cannot find module '../../../types/ids' or its corresponding type declarations.
src/entities/constraints/equal-angles-constraint.ts(3,44): error TS2307: Cannot find module '../../types/ids' or its corresponding type declarations.
src/entities/constraints/equal-angles-constraint.ts(71,50): error TS2339: Property 'id' does not exist on type 'WorldPoint'.
src/entities/constraints/equal-angles-constraint.ts(75,22): error TS2339: Property 'id' does not exist on type 'WorldPoint'.
src/entities/constraints/equal-angles-constraint.ts(76,22): error TS2339: Property 'id' does not exist on type 'WorldPoint'.
src/entities/constraints/equal-angles-constraint.ts(77,22): error TS2339: Property 'id' does not exist on type 'WorldPoint'.
src/entities/constraints/equal-angles-constraint.ts(125,26): error TS2339: Property 'id' does not exist on type 'WorldPoint'.
src/entities/constraints/equal-angles-constraint.ts(256,29): error TS2339: Property 'id' does not exist on type 'WorldPoint'.
src/entities/constraints/equal-angles-constraint.ts(257,29): error TS2339: Property 'id' does not exist on type 'WorldPoint'.
src/entities/constraints/equal-angles-constraint.ts(258,29): error TS2339: Property 'id' does not exist on type 'WorldPoint'.
src/entities/constraints/equal-angles-constraint.ts(264,29): error TS2339: Property 'id' does not exist on type 'WorldPoint'.
src/entities/constraints/equal-angles-constraint.ts(315,40): error TS2339: Property 'id' does not exist on type 'WorldPoint'.
src/entities/constraints/equal-distances-constraint.ts(3,44): error TS2307: Cannot find module '../../types/ids' or its corresponding type declarations.
src/entities/constraints/equal-distances-constraint.ts(70,50): error TS2339: Property 'id' does not exist on type 'WorldPoint'.
src/entities/constraints/equal-distances-constraint.ts(74,19): error TS2339: Property 'id' does not exist on type 'WorldPoint'.
src/entities/constraints/equal-distances-constraint.ts(75,19): error TS2339: Property 'id' does not exist on type 'WorldPoint'.
src/entities/constraints/equal-distances-constraint.ts(123,26): error TS2339: Property 'id' does not exist on type 'WorldPoint'.
src/entities/constraints/equal-distances-constraint.ts(249,29): error TS2339: Property 'id' does not exist on type 'WorldPoint'.
src/entities/constraints/equal-distances-constraint.ts(250,29): error TS2339: Property 'id' does not exist on type 'WorldPoint'.
src/entities/constraints/equal-distances-constraint.ts(307,40): error TS2339: Property 'id' does not exist on type 'WorldPoint'.
src/entities/constraints/fixed-point-constraint.ts(3,44): error TS2307: Cannot find module '../../types/ids' or its corresponding type declarations.
src/entities/constraints/fixed-point-constraint.ts(60,24): error TS2339: Property 'id' does not exist on type 'WorldPoint'.
src/entities/constraints/fixed-point-constraint.ts(110,55): error TS2339: Property 'getDefinedCoordinates' does not exist on type 'WorldPoint'.
src/entities/constraints/parallel-lines-constraint.ts(3,43): error TS2307: Cannot find module '../../types/ids' or its corresponding type declarations.
src/entities/constraints/parallel-lines-constraint.ts(56,23): error TS2339: Property 'id' does not exist on type 'Line'.
src/entities/constraints/parallel-lines-constraint.ts(56,43): error TS2339: Property 'id' does not exist on type 'Line'.
src/entities/constraints/perpendicular-lines-constraint.ts(3,43): error TS2307: Cannot find module '../../types/ids' or its corresponding type declarations.
src/entities/constraints/perpendicular-lines-constraint.ts(56,23): error TS2339: Property 'id' does not exist on type 'Line'.
src/entities/constraints/perpendicular-lines-constraint.ts(56,43): error TS2339: Property 'id' does not exist on type 'Line'.
src/entities/constraints/projection-constraint.ts(4,54): error TS2307: Cannot find module '../../types/ids' or its corresponding type declarations.
src/entities/constraints/projection-constraint.ts(80,29): error TS2339: Property 'id' does not exist on type 'WorldPoint'.
src/entities/viewpoint/Viewpoint.ts(6,9): error TS2305: Module '"scalar-autograd"' has no exported member 'Vec4'.
src/entities/viewpoint/Viewpoint.ts(425,13): error TS2353: Object literal may only specify known properties, and 'lockedXyz' does not exist in type 'CameraValues'.
src/hooks/useLoopTrace.ts(4,25): error TS2305: Module '"../entities/line"' has no exported member 'LineConstraintSettings'.
src/hooks/useOptimization.ts(12,35): error TS2307: Cannot find module '../types/ids' or its corresponding type declarations.
src/optimization/__tests__/all-constraints.test.ts(16,57): error TS2307: Cannot find module '../../types/ids' or its corresponding type declarations.
src/optimization/__tests__/all-constraints.test.ts(23,27): error TS2339: Property 'id' does not exist on type 'WorldPoint'.
src/optimization/__tests__/all-constraints.test.ts(93,48): error TS2554: Expected 1-2 arguments, but got 3.
src/optimization/__tests__/all-constraints.test.ts(94,48): error TS2554: Expected 1-2 arguments, but got 3.
src/optimization/__tests__/all-constraints.test.ts(103,12): error TS2339: Property 'id' does not exist on type 'WorldPoint'.
src/optimization/__tests__/all-constraints.test.ts(104,12): error TS2339: Property 'id' does not exist on type 'WorldPoint'.
src/optimization/__tests__/all-constraints.test.ts(119,26): error TS2339: Property 'getDefinedCoordinates' does not exist on type 'WorldPoint'.
src/optimization/__tests__/all-constraints.test.ts(120,26): error TS2339: Property 'getDefinedCoordinates' does not exist on type 'WorldPoint'.
src/optimization/__tests__/all-constraints.test.ts(132,48): error TS2554: Expected 1-2 arguments, but got 3.
src/optimization/__tests__/all-constraints.test.ts(133,60): error TS2554: Expected 1-2 arguments, but got 3.
src/optimization/__tests__/all-constraints.test.ts(134,48): error TS2554: Expected 1-2 arguments, but got 3.
src/optimization/__tests__/all-constraints.test.ts(144,12): error TS2339: Property 'id' does not exist on type 'WorldPoint'.
src/optimization/__tests__/all-constraints.test.ts(145,16): error TS2339: Property 'id' does not exist on type 'WorldPoint'.
src/optimization/__tests__/all-constraints.test.ts(146,12): error TS2339: Property 'id' does not exist on type 'WorldPoint'.
src/optimization/__tests__/all-constraints.test.ts(162,21): error TS2339: Property 'getDefinedCoordinates' does not exist on type 'WorldPoint'.
src/optimization/__tests__/all-constraints.test.ts(163,25): error TS2339: Property 'getDefinedCoordinates' does not exist on type 'WorldPoint'.
src/optimization/__tests__/all-constraints.test.ts(164,21): error TS2339: Property 'getDefinedCoordinates' does not exist on type 'WorldPoint'.
src/optimization/__tests__/all-constraints.test.ts(180,48): error TS2554: Expected 1-2 arguments, but got 3.
src/optimization/__tests__/all-constraints.test.ts(181,48): error TS2554: Expected 1-2 arguments, but got 3.
src/optimization/__tests__/all-constraints.test.ts(182,48): error TS2554: Expected 1-2 arguments, but got 3.
src/optimization/__tests__/all-constraints.test.ts(191,13): error TS2339: Property 'id' does not exist on type 'WorldPoint'.
src/optimization/__tests__/all-constraints.test.ts(191,20): error TS2339: Property 'id' does not exist on type 'WorldPoint'.
src/optimization/__tests__/all-constraints.test.ts(191,27): error TS2339: Property 'id' does not exist on type 'WorldPoint'.
src/optimization/__tests__/all-constraints.test.ts(206,21): error TS2339: Property 'getDefinedCoordinates' does not exist on type 'WorldPoint'.
src/optimization/__tests__/all-constraints.test.ts(214,48): error TS2554: Expected 1-2 arguments, but got 3.
src/optimization/__tests__/all-constraints.test.ts(215,48): error TS2554: Expected 1-2 arguments, but got 3.
src/optimization/__tests__/all-constraints.test.ts(216,48): error TS2554: Expected 1-2 arguments, but got 3.
src/optimization/__tests__/all-constraints.test.ts(217,48): error TS2554: Expected 1-2 arguments, but got 3.
src/optimization/__tests__/all-constraints.test.ts(227,13): error TS2339: Property 'id' does not exist on type 'WorldPoint'.
src/optimization/__tests__/all-constraints.test.ts(227,20): error TS2339: Property 'id' does not exist on type 'WorldPoint'.
src/optimization/__tests__/all-constraints.test.ts(227,27): error TS2339: Property 'id' does not exist on type 'WorldPoint'.
src/optimization/__tests__/all-constraints.test.ts(227,34): error TS2339: Property 'id' does not exist on type 'WorldPoint'.
src/optimization/__tests__/all-constraints.test.ts(243,21): error TS2339: Property 'getDefinedCoordinates' does not exist on type 'WorldPoint'.
src/optimization/__tests__/all-constraints.test.ts(250,48): error TS2554: Expected 1-2 arguments, but got 3.
src/optimization/__tests__/all-constraints.test.ts(251,48): error TS2554: Expected 1-2 arguments, but got 3.
src/optimization/__tests__/all-constraints.test.ts(252,48): error TS2554: Expected 1-2 arguments, but got 3.
src/optimization/__tests__/all-constraints.test.ts(253,48): error TS2554: Expected 1-2 arguments, but got 3.
src/optimization/__tests__/all-constraints.test.ts(265,15): error TS2339: Property 'id' does not exist on type 'WorldPoint'.
src/optimization/__tests__/all-constraints.test.ts(265,22): error TS2339: Property 'id' does not exist on type 'WorldPoint'.
src/optimization/__tests__/all-constraints.test.ts(266,15): error TS2339: Property 'id' does not exist on type 'WorldPoint'.
src/optimization/__tests__/all-constraints.test.ts(266,22): error TS2339: Property 'id' does not exist on type 'WorldPoint'.
src/optimization/__tests__/all-constraints.test.ts(283,21): error TS2339: Property 'getDefinedCoordinates' does not exist on type 'WorldPoint'.
src/optimization/__tests__/all-constraints.test.ts(284,21): error TS2339: Property 'getDefinedCoordinates' does not exist on type 'WorldPoint'.
src/optimization/__tests__/all-constraints.test.ts(285,21): error TS2339: Property 'getDefinedCoordinates' does not exist on type 'WorldPoint'.
src/optimization/__tests__/all-constraints.test.ts(286,21): error TS2339: Property 'getDefinedCoordinates' does not exist on type 'WorldPoint'.
src/optimization/__tests__/all-constraints.test.ts(298,51): error TS2554: Expected 1-2 arguments, but got 3.
src/optimization/__tests__/all-constraints.test.ts(299,48): error TS2554: Expected 1-2 arguments, but got 3.
src/optimization/__tests__/all-constraints.test.ts(300,51): error TS2554: Expected 1-2 arguments, but got 3.
src/optimization/__tests__/all-constraints.test.ts(303,51): error TS2554: Expected 1-2 arguments, but got 3.
src/optimization/__tests__/all-constraints.test.ts(304,48): error TS2554: Expected 1-2 arguments, but got 3.
src/optimization/__tests__/all-constraints.test.ts(305,51): error TS2554: Expected 1-2 arguments, but got 3.
src/optimization/__tests__/all-constraints.test.ts(319,16): error TS2339: Property 'id' does not exist on type 'WorldPoint'.
src/optimization/__tests__/all-constraints.test.ts(319,23): error TS2339: Property 'id' does not exist on type 'WorldPoint'.
src/optimization/__tests__/all-constraints.test.ts(319,31): error TS2339: Property 'id' does not exist on type 'WorldPoint'.
src/optimization/__tests__/all-constraints.test.ts(320,16): error TS2339: Property 'id' does not exist on type 'WorldPoint'.
src/optimization/__tests__/all-constraints.test.ts(320,23): error TS2339: Property 'id' does not exist on type 'WorldPoint'.
src/optimization/__tests__/all-constraints.test.ts(320,31): error TS2339: Property 'id' does not exist on type 'WorldPoint'.
src/optimization/__tests__/all-constraints.test.ts(349,13): error TS2339: Property 'getDefinedCoordinates' does not exist on type 'WorldPoint'.
src/optimization/__tests__/all-constraints.test.ts(350,12): error TS2339: Property 'getDefinedCoordinates' does not exist on type 'WorldPoint'.
src/optimization/__tests__/all-constraints.test.ts(351,13): error TS2339: Property 'getDefinedCoordinates' does not exist on type 'WorldPoint'.
src/optimization/__tests__/all-constraints.test.ts(355,13): error TS2339: Property 'getDefinedCoordinates' does not exist on type 'WorldPoint'.
src/optimization/__tests__/all-constraints.test.ts(356,12): error TS2339: Property 'getDefinedCoordinates' does not exist on type 'WorldPoint'.
src/optimization/__tests__/all-constraints.test.ts(357,13): error TS2339: Property 'getDefinedCoordinates' does not exist on type 'WorldPoint'.
src/optimization/__tests__/all-constraints.test.ts(367,48): error TS2554: Expected 1-2 arguments, but got 3.
src/optimization/__tests__/all-constraints.test.ts(368,48): error TS2554: Expected 1-2 arguments, but got 3.
src/optimization/__tests__/all-constraints.test.ts(369,48): error TS2554: Expected 1-2 arguments, but got 3.
src/optimization/__tests__/all-constraints.test.ts(380,15): error TS2339: Property 'id' does not exist on type 'WorldPoint'.
src/optimization/__tests__/all-constraints.test.ts(380,22): error TS2339: Property 'id' does not exist on type 'WorldPoint'.
src/optimization/__tests__/all-constraints.test.ts(381,15): error TS2339: Property 'id' does not exist on type 'WorldPoint'.
src/optimization/__tests__/all-constraints.test.ts(381,22): error TS2339: Property 'id' does not exist on type 'WorldPoint'.
src/optimization/__tests__/all-constraints.test.ts(382,15): error TS2339: Property 'id' does not exist on type 'WorldPoint'.
src/optimization/__tests__/all-constraints.test.ts(382,22): error TS2339: Property 'id' does not exist on type 'WorldPoint'.
src/optimization/__tests__/all-constraints.test.ts(393,15): error TS2339: Property 'id' does not exist on type 'WorldPoint'.
src/optimization/__tests__/all-constraints.test.ts(393,22): error TS2339: Property 'id' does not exist on type 'WorldPoint'.
src/optimization/__tests__/all-constraints.test.ts(393,29): error TS2339: Property 'id' does not exist on type 'WorldPoint'.
src/optimization/__tests__/all-constraints.test.ts(394,15): error TS2339: Property 'id' does not exist on type 'WorldPoint'.
src/optimization/__tests__/all-constraints.test.ts(394,22): error TS2339: Property 'id' does not exist on type 'WorldPoint'.
src/optimization/__tests__/all-constraints.test.ts(394,29): error TS2339: Property 'id' does not exist on type 'WorldPoint'.
src/optimization/__tests__/all-constraints.test.ts(395,15): error TS2339: Property 'id' does not exist on type 'WorldPoint'.
src/optimization/__tests__/all-constraints.test.ts(395,22): error TS2339: Property 'id' does not exist on type 'WorldPoint'.
src/optimization/__tests__/all-constraints.test.ts(395,29): error TS2339: Property 'id' does not exist on type 'WorldPoint'.
src/optimization/__tests__/all-constraints.test.ts(412,21): error TS2339: Property 'getDefinedCoordinates' does not exist on type 'WorldPoint'.
src/optimization/__tests__/all-constraints.test.ts(413,21): error TS2339: Property 'getDefinedCoordinates' does not exist on type 'WorldPoint'.
src/optimization/__tests__/all-constraints.test.ts(414,21): error TS2339: Property 'getDefinedCoordinates' does not exist on type 'WorldPoint'.
src/optimization/__tests__/bundle-adjustment-fixture.test.ts(24,53): error TS2339: Property 'length' does not exist on type 'Set<Constraint>'.
src/optimization/__tests__/fixed-point-constraint.test.ts(13,57): error TS2307: Cannot find module '../../types/ids' or its corresponding type declarations.
src/optimization/__tests__/fixed-point-constraint.test.ts(20,27): error TS2339: Property 'id' does not exist on type 'WorldPoint'.
src/optimization/__tests__/fixed-point-constraint.test.ts(90,50): error TS2554: Expected 1-2 arguments, but got 3.
src/optimization/__tests__/fixed-point-constraint.test.ts(102,13): error TS2339: Property 'id' does not exist on type 'WorldPoint'.
src/optimization/__tests__/fixed-point-constraint.test.ts(124,31): error TS2339: Property 'getDefinedCoordinates' does not exist on type 'WorldPoint'.
src/optimization/__tests__/fixed-point-constraint.test.ts(136,50): error TS2554: Expected 1-2 arguments, but got 3.
src/optimization/__tests__/fixed-point-constraint.test.ts(147,13): error TS2339: Property 'id' does not exist on type 'WorldPoint'.
src/optimization/__tests__/fixed-point-constraint.test.ts(160,31): error TS2339: Property 'getDefinedCoordinates' does not exist on type 'WorldPoint'.
src/optimization/__tests__/fixed-point-constraint.test.ts(168,50): error TS2554: Expected 1-2 arguments, but got 3.
src/optimization/__tests__/fixed-point-constraint.test.ts(178,13): error TS2339: Property 'id' does not exist on type 'WorldPoint'.
src/optimization/__tests__/fixed-point-constraint.test.ts(192,31): error TS2339: Property 'getDefinedCoordinates' does not exist on type 'WorldPoint'.
src/optimization/__tests__/fixed-point-constraint.test.ts(199,51): error TS2554: Expected 1-2 arguments, but got 3.
src/optimization/__tests__/fixed-point-constraint.test.ts(203,51): error TS2554: Expected 1-2 arguments, but got 3.
src/optimization/__tests__/fixed-point-constraint.test.ts(213,14): error TS2339: Property 'id' does not exist on type 'WorldPoint'.
src/optimization/__tests__/fixed-point-constraint.test.ts(222,14): error TS2339: Property 'id' does not exist on type 'WorldPoint'.
src/optimization/__tests__/fixed-point-constraint.test.ts(238,28): error TS2339: Property 'getDefinedCoordinates' does not exist on type 'WorldPoint'.
src/optimization/__tests__/fixed-point-constraint.test.ts(243,28): error TS2339: Property 'getDefinedCoordinates' does not exist on type 'WorldPoint'.
src/optimization/__tests__/fixed-point-constraint.test.ts(253,50): error TS2554: Expected 1-2 arguments, but got 3.
src/optimization/__tests__/fixed-point-constraint.test.ts(262,13): error TS2339: Property 'id' does not exist on type 'WorldPoint'.
src/optimization/__tests__/fixed-point-constraint.test.ts(277,31): error TS2339: Property 'getDefinedCoordinates' does not exist on type 'WorldPoint'.
src/optimization/__tests__/initialization-benchmark.test.ts(45,62): error TS2554: Expected 1-2 arguments, but got 3.
src/optimization/__tests__/initialization-benchmark.test.ts(56,46): error TS2339: Property 'id' does not exist on type 'WorldPoint'.
src/optimization/__tests__/initialization-benchmark.test.ts(57,46): error TS2339: Property 'id' does not exist on type 'WorldPoint'.
src/optimization/__tests__/initialization-benchmark.test.ts(65,9): error TS2554: Expected 3-4 arguments, but got 5.
src/optimization/__tests__/intrinsic-constraints.test.ts(24,61): error TS2554: Expected 1-2 arguments, but got 3.
src/optimization/__tests__/intrinsic-constraints.test.ts(29,57): error TS2554: Expected 1-2 arguments, but got 3.
src/optimization/__tests__/intrinsic-constraints.test.ts(34,68): error TS2554: Expected 3-4 arguments, but got 5.
src/optimization/__tests__/intrinsic-constraints.test.ts(50,40): error TS2339: Property 'getDefinedCoordinates' does not exist on type 'WorldPoint'.
src/optimization/__tests__/intrinsic-constraints.test.ts(62,48): error TS2554: Expected 1-2 arguments, but got 3.
src/optimization/__tests__/intrinsic-constraints.test.ts(63,48): error TS2554: Expected 1-2 arguments, but got 3.
src/optimization/__tests__/intrinsic-constraints.test.ts(65,52): error TS2554: Expected 3-4 arguments, but got 5.
src/optimization/__tests__/intrinsic-constraints.test.ts(89,48): error TS2554: Expected 1-2 arguments, but got 3.
src/optimization/__tests__/intrinsic-constraints.test.ts(90,48): error TS2554: Expected 1-2 arguments, but got 3.
src/optimization/__tests__/intrinsic-constraints.test.ts(92,52): error TS2554: Expected 3-4 arguments, but got 5.
src/optimization/__tests__/intrinsic-constraints.test.ts(116,48): error TS2554: Expected 1-2 arguments, but got 3.
src/optimization/__tests__/intrinsic-constraints.test.ts(117,48): error TS2554: Expected 1-2 arguments, but got 3.
src/optimization/__tests__/intrinsic-constraints.test.ts(119,52): error TS2554: Expected 3-4 arguments, but got 5.
src/optimization/__tests__/intrinsic-constraints.test.ts(143,48): error TS2554: Expected 1-2 arguments, but got 3.
src/optimization/__tests__/intrinsic-constraints.test.ts(144,48): error TS2554: Expected 1-2 arguments, but got 3.
src/optimization/__tests__/intrinsic-constraints.test.ts(146,52): error TS2554: Expected 3-4 arguments, but got 5.
src/optimization/__tests__/intrinsic-constraints.test.ts(170,48): error TS2554: Expected 1-2 arguments, but got 3.
src/optimization/__tests__/intrinsic-constraints.test.ts(171,48): error TS2554: Expected 1-2 arguments, but got 3.
src/optimization/__tests__/intrinsic-constraints.test.ts(173,52): error TS2554: Expected 3-4 arguments, but got 5.
src/optimization/__tests__/intrinsic-constraints.test.ts(197,48): error TS2554: Expected 1-2 arguments, but got 3.
src/optimization/__tests__/intrinsic-constraints.test.ts(198,48): error TS2554: Expected 1-2 arguments, but got 3.
src/optimization/__tests__/intrinsic-constraints.test.ts(200,52): error TS2554: Expected 3-4 arguments, but got 5.
src/optimization/__tests__/intrinsic-constraints.test.ts(229,60): error TS2554: Expected 1-2 arguments, but got 3.
src/optimization/__tests__/intrinsic-constraints.test.ts(230,53): error TS2554: Expected 1-2 arguments, but got 3.
src/optimization/__tests__/intrinsic-constraints.test.ts(231,53): error TS2554: Expected 1-2 arguments, but got 3.
src/optimization/__tests__/intrinsic-constraints.test.ts(232,53): error TS2554: Expected 1-2 arguments, but got 3.
src/optimization/__tests__/intrinsic-constraints.test.ts(235,61): error TS2554: Expected 3-4 arguments, but got 5.
src/optimization/__tests__/intrinsic-constraints.test.ts(239,61): error TS2554: Expected 3-4 arguments, but got 5.
src/optimization/__tests__/intrinsic-constraints.test.ts(243,61): error TS2554: Expected 3-4 arguments, but got 5.
src/optimization/__tests__/intrinsic-constraints.test.ts(264,27): error TS2339: Property 'getDefinedCoordinates' does not exist on type 'WorldPoint'.
src/optimization/__tests__/intrinsic-constraints.test.ts(269,27): error TS2339: Property 'getDefinedCoordinates' does not exist on type 'WorldPoint'.
src/optimization/__tests__/intrinsic-constraints.test.ts(274,27): error TS2339: Property 'getDefinedCoordinates' does not exist on type 'WorldPoint'.
src/optimization/__tests__/optimization-info-demo.test.ts(15,51): error TS2554: Expected 1-2 arguments, but got 3.
src/optimization/__tests__/optimization-info-demo.test.ts(20,51): error TS2554: Expected 1-2 arguments, but got 3.
src/optimization/__tests__/optimization-info-demo.test.ts(25,57): error TS2554: Expected 3-4 arguments, but got 5.
src/optimization/__tests__/optimization-info-demo.test.ts(55,40): error TS2339: Property 'isOptimized' does not exist on type '{ lockedXyz: [number | null, number | null, number | null]; residuals: number[]; totalResidual: number; rmsResidual: number; optimizedXyz: [number, number, number] | undefined; }'.
src/optimization/__tests__/optimization-info-demo.test.ts(63,40): error TS2339: Property 'isOptimized' does not exist on type '{ lockedXyz: [number | null, number | null, number | null]; residuals: number[]; totalResidual: number; rmsResidual: number; optimizedXyz: [number, number, number] | undefined; }'.
src/optimization/__tests__/optimization-info-demo.test.ts(79,19): error TS2339: Property 'isOptimized' does not exist on type '{ lockedXyz: [number | null, number | null, number | null]; residuals: number[]; totalResidual: number; rmsResidual: number; optimizedXyz: [number, number, number] | undefined; }'.
src/optimization/__tests__/optimization-info-demo.test.ts(80,19): error TS2339: Property 'isOptimized' does not exist on type '{ lockedXyz: [number | null, number | null, number | null]; residuals: number[]; totalResidual: number; rmsResidual: number; optimizedXyz: [number, number, number] | undefined; }'.
src/optimization/__tests__/projection-constraint.test.ts(43,52): error TS2554: Expected 1-2 arguments, but got 3.
src/optimization/__tests__/projection-constraint.test.ts(47,52): error TS2554: Expected 1-2 arguments, but got 3.
src/optimization/__tests__/projection-constraint.test.ts(51,52): error TS2554: Expected 1-2 arguments, but got 3.
src/optimization/__tests__/projection-constraint.test.ts(64,9): error TS2554: Expected 5-6 arguments, but got 7.
src/optimization/__tests__/projection-constraint.test.ts(78,61): error TS2345: Argument of type 'string' is not assignable to parameter of type 'WorldPoint'.
src/optimization/__tests__/projection-constraint.test.ts(79,61): error TS2345: Argument of type 'string' is not assignable to parameter of type 'WorldPoint'.
src/optimization/__tests__/projection-constraint.test.ts(80,61): error TS2345: Argument of type 'string' is not assignable to parameter of type 'WorldPoint'.
src/optimization/__tests__/projection-constraint.test.ts(124,9): error TS2554: Expected 5-6 arguments, but got 7.
src/optimization/__tests__/projection-constraint.test.ts(135,64): error TS2554: Expected 1-2 arguments, but got 3.
src/optimization/__tests__/projection-constraint.test.ts(146,9): error TS2345: Argument of type 'string' is not assignable to parameter of type 'WorldPoint'.
src/optimization/__tests__/projection-constraint.test.ts(167,35): error TS2339: Property 'getDefinedCoordinates' does not exist on type 'WorldPoint'.
src/optimization/__tests__/projection-constraint.test.ts(181,87): error TS2554: Expected 5-6 arguments, but got 7.
src/optimization/__tests__/projection-constraint.test.ts(189,87): error TS2554: Expected 5-6 arguments, but got 7.
src/optimization/__tests__/projection-constraint.test.ts(198,55): error TS2554: Expected 1-2 arguments, but got 3.
src/optimization/__tests__/projection-constraint.test.ts(209,9): error TS2345: Argument of type 'string' is not assignable to parameter of type 'WorldPoint'.
src/optimization/__tests__/projection-constraint.test.ts(219,9): error TS2345: Argument of type 'string' is not assignable to parameter of type 'WorldPoint'.
src/optimization/__tests__/projection-constraint.test.ts(244,30): error TS2339: Property 'getDefinedCoordinates' does not exist on type 'WorldPoint'.
src/optimization/__tests__/projection-constraint.test.ts(260,66): error TS2554: Expected 1-2 arguments, but got 3.
src/optimization/__tests__/projection-constraint.test.ts(265,66): error TS2554: Expected 1-2 arguments, but got 3.
src/optimization/__tests__/projection-constraint.test.ts(271,90): error TS2554: Expected 5-6 arguments, but got 7.
src/optimization/__tests__/projection-constraint.test.ts(280,90): error TS2554: Expected 5-6 arguments, but got 7.
src/optimization/__tests__/projection-constraint.test.ts(290,54): error TS2554: Expected 1-2 arguments, but got 3.
src/optimization/__tests__/projection-constraint.test.ts(300,9): error TS2345: Argument of type 'string' is not assignable to parameter of type 'WorldPoint'.
src/optimization/__tests__/projection-constraint.test.ts(310,9): error TS2345: Argument of type 'string' is not assignable to parameter of type 'WorldPoint'.
src/optimization/__tests__/projection-constraint.test.ts(334,37): error TS2339: Property 'getDefinedCoordinates' does not exist on type 'WorldPoint'.
src/optimization/__tests__/quaternion.test.ts(5,10): error TS2305: Module '"scalar-autograd"' has no exported member 'Vec4'.
src/optimization/__tests__/real-data-optimization.test.ts(37,64): error TS2554: Expected 1-2 arguments, but got 3.
src/optimization/__tests__/real-data-optimization.test.ts(49,48): error TS2339: Property 'id' does not exist on type 'WorldPoint'.
src/optimization/__tests__/real-data-optimization.test.ts(50,48): error TS2339: Property 'id' does not exist on type 'WorldPoint'.
src/optimization/__tests__/real-data-optimization.test.ts(58,11): error TS2554: Expected 3-4 arguments, but got 5.
src/optimization/__tests__/real-data-optimization.test.ts(72,25): error TS2339: Property 'getDefinedCoordinates' does not exist on type 'WorldPoint'.
src/optimization/__tests__/real-data-optimization.test.ts(84,64): error TS2554: Expected 1-2 arguments, but got 3.
src/optimization/__tests__/real-data-optimization.test.ts(123,64): error TS2554: Expected 1-2 arguments, but got 3.
src/optimization/__tests__/real-data-optimization.test.ts(135,48): error TS2339: Property 'id' does not exist on type 'WorldPoint'.
src/optimization/__tests__/real-data-optimization.test.ts(136,48): error TS2339: Property 'id' does not exist on type 'WorldPoint'.
src/optimization/__tests__/real-data-optimization.test.ts(144,11): error TS2554: Expected 3-4 arguments, but got 5.
src/optimization/__tests__/real-data-optimization.test.ts(174,21): error TS2339: Property 'getDefinedCoordinates' does not exist on type 'WorldPoint'.
src/optimization/__tests__/real-data-optimization.test.ts(175,45): error TS7006: Parameter 'v' implicitly has an 'any' type.
src/optimization/__tests__/real-data-optimization.test.ts(202,21): error TS2339: Property 'getDefinedCoordinates' does not exist on type 'WorldPoint'.
src/optimization/__tests__/real-data-optimization.test.ts(203,45): error TS7006: Parameter 'v' implicitly has an 'any' type.
src/optimization/__tests__/real-data-optimization.test.ts(224,64): error TS2554: Expected 1-2 arguments, but got 3.
src/optimization/__tests__/real-data-optimization.test.ts(236,48): error TS2339: Property 'id' does not exist on type 'WorldPoint'.
src/optimization/__tests__/real-data-optimization.test.ts(237,48): error TS2339: Property 'id' does not exist on type 'WorldPoint'.
src/optimization/__tests__/real-data-optimization.test.ts(245,11): error TS2554: Expected 3-4 arguments, but got 5.
src/optimization/__tests__/real-data-optimization.test.ts(266,27): error TS2339: Property 'constraints' does not exist on type 'Line'.
src/optimization/__tests__/real-data-optimization.test.ts(293,27): error TS2339: Property 'constraints' does not exist on type 'Line'.
src/optimization/IOptimizable.ts(10,28): error TS2305: Module '"scalar-autograd"' has no exported member 'Vec4'.
src/optimization/Quaternion.ts(1,19): error TS2305: Module '"scalar-autograd"' has no exported member 'Vec4'.
src/optimization/residuals/equal-angles-residual.ts(12,30): error TS2307: Cannot find module '../../types/ids' or its corresponding type declarations.
src/optimization/residuals/equal-angles-residual.ts(20,38): error TS2339: Property 'id' does not exist on type 'WorldPoint'.
src/optimization/residuals/equal-distances-residual.ts(12,30): error TS2307: Cannot find module '../../types/ids' or its corresponding type declarations.
src/optimization/residuals/equal-distances-residual.ts(20,38): error TS2339: Property 'id' does not exist on type 'WorldPoint'.
src/optimization/residuals/quaternion-normalization-residual.ts(2,15): error TS2305: Module '"scalar-autograd"' has no exported member 'Vec4'.
src/services/export.ts(78,33): error TS2339: Property 'createdAt' does not exist on type 'Project'.
src/services/export.ts(79,33): error TS2339: Property 'updatedAt' does not exist on type 'Project'.
src/services/export.ts(87,57): error TS2339: Property 'map' does not exist on type 'Set<Constraint>'.
src/services/export.ts(87,61): error TS7006: Parameter 'c' implicitly has an 'any' type.
src/services/export.ts(93,102): error TS2339: Property 'id' does not exist on type 'Viewpoint'.
src/services/export.ts(324,32): error TS2339: Property 'createdAt' does not exist on type 'Project'.
src/services/export.ts(325,32): error TS2339: Property 'updatedAt' does not exist on type 'Project'.
src/services/export.ts(383,25): error TS2339: Property 'getDefinedCoordinates' does not exist on type 'WorldPoint'.
src/services/export.ts(384,22): error TS2339: Property 'id' does not exist on type 'WorldPoint'.
src/services/export.ts(385,16): error TS2339: Property 'id' does not exist on type 'WorldPoint'.
src/services/export.ts(389,19): error TS2339: Property 'group' does not exist on type 'WorldPoint'.
src/services/export.ts(421,37): error TS2339: Property 'filter' does not exist on type 'Set<Constraint>'.
src/services/export.ts(421,44): error TS7006: Parameter 'constraint' implicitly has an 'any' type.
src/services/export.ts(434,55): error TS2339: Property 'length' does not exist on type 'Set<Constraint>'.
src/services/export.ts(457,34): error TS2339: Property 'createdAt' does not exist on type 'Project'.
src/services/export.ts(458,34): error TS2339: Property 'updatedAt' does not exist on type 'Project'.
src/services/fileManager.ts(38,30): error TS2339: Property 'createdAt' does not exist on type 'Project'.
src/services/fileManager.ts(208,61): error TS2339: Property 'length' does not exist on type 'Set<Constraint>'.
src/services/fileManager.ts(235,32): error TS2339: Property 'id' does not exist on type 'Project'.
src/tests/testUtils.tsx(4,19): error TS2305: Module '"../entities/project"' has no exported member 'ProjectSettings'.
src/tests/testUtils.tsx(10,57): error TS2307: Cannot find module '../types/ids' or its corresponding type declarations.
src/tests/testUtils.tsx(13,7): error TS2559: Type 'MockConstraintRepository' has no properties in common with type 'ConstraintRepository'.
src/tests/testUtils.tsx(76,65): error TS2554: Expected 1-2 arguments, but got 3.
src/tests/testUtils.tsx(82,65): error TS2554: Expected 1-2 arguments, but got 3.
src/tests/testUtils.tsx(88,65): error TS2554: Expected 1-2 arguments, but got 3.
src/tests/testUtils.tsx(107,3): error TS2554: Expected 5-6 arguments, but got 7.
src/tests/testUtils.tsx(118,3): error TS2353: Object literal may only specify known properties, and 'id' does not exist in type 'IImagePoint'.
src/tests/testUtils.tsx(129,3): error TS2353: Object literal may only specify known properties, and 'id' does not exist in type 'IImagePoint'.
src/tests/testUtils.tsx(140,3): error TS2353: Object literal may only specify known properties, and 'id' does not exist in type 'IImagePoint'.
src/tests/testUtils.tsx(158,3): error TS2559: Type 'MockConstraintRepository' has no properties in common with type 'ConstraintRepository'.
src/tests/testUtils.tsx(172,3): error TS2559: Type 'MockConstraintRepository' has no properties in common with type 'ConstraintRepository'.
src/tests/testUtils.tsx(205,77): error TS2554: Expected 1-2 arguments, but got 3.
src/tests/testUtils.tsx(217,3): error TS2559: Type 'MockConstraintRepository' has no properties in common with type 'ConstraintRepository'.
src/tests/testUtils.tsx(232,3): error TS2554: Expected 5-6 arguments, but got 7.
src/utils/constraint-entity-converter.ts(60,54): error TS2339: Property 'id' does not exist on type 'WorldPoint'.
src/utils/constraint-entity-converter.ts(61,52): error TS2339: Property 'id' does not exist on type 'Line'.
src/utils/imageUtils.ts(3,34): error TS2307: Cannot find module '../types/ids' or its corresponding type declarations.
src/utils/storage.ts(11,15): error TS2339: Property 'updatedAt' does not exist on type 'Project'.
src/utils/visualLanguage.ts(5,10): error TS2305: Module '"../entities/project"' has no exported member 'ProjectSettings'.
src/validation/validator.ts(3,31): error TS2307: Cannot find module '../types/ids' or its corresponding type declarations.
